
Map of Debug\led.sm8 from link file Debug\led.lkf - Thu Oct 30 14:39:26 2025


                               --------
                               Segments
                               --------

start 00008080 end 0000808c length    12 segment .const
start 0000808f end 00008c64 length  3029 segment .text
start 00004000 end 00004000 length     0 segment .eeprom
start 00000000 end 00000000 length     0 segment .bsct
start 00000000 end 0000000a length    10 segment .ubsct
start 0000000a end 0000000a length     0 segment .bit
start 0000000a end 0000000a length     0 segment .share
start 00000100 end 00000100 length     0 segment .data
start 00000100 end 00000100 length     0 segment .bss
start 00000000 end 000004be length  1214 segment .info.
start 00000000 end 0000474b length 18251 segment .debug
start 00008000 end 00008080 length   128 segment .const
start 0000808c end 0000808f length     3 segment .init


                               -------
                               Modules
                               -------

C:\Program Files (x86)\COSMIC\FSE_Compilers\CXSTM8\lib\crtsi0.sm8:
start 0000808f end 000080df length    80 section .text
start 00000100 end 00000100 length     0 section .bss
start 00000000 end 00000000 length     0 section .ubsct
start 00000000 end 00000033 length    51 section .info.

Debug\stm8s_clk.o:
start 000080df end 00008463 length   900 section .text
start 00000000 end 0000166f length  5743 section .debug
start 00000033 end 000000a1 length   110 section .info.
start 00008080 end 0000808c length    12 section .const

Debug\stm8s_gpio.o:
start 00008463 end 00008515 length   178 section .text
start 0000166f end 00002079 length  2570 section .debug
start 000000a1 end 00000110 length   111 section .info.

Debug\stm8s_tim2.o:
start 00008515 end 000089ef length  1242 section .text
start 00002079 end 0000438d length  8980 section .debug
start 00000110 end 0000017f length   111 section .info.

Debug\main.o:
start 000089ef end 00008aac length   189 section .text
start 0000438d end 000045e0 length   595 section .debug
start 0000017f end 000001e8 length   105 section .info.

(C:\Program Files (x86)\COSMIC\FSE_Compilers\CXSTM8\lib\libm0.sm8)lcmp.o:
start 00008aac end 00008acc length    32 section .text
start 000001e8 end 00000216 length    46 section .info.

(C:\Program Files (x86)\COSMIC\FSE_Compilers\CXSTM8\lib\libm0.sm8)lgadc.o:
start 00008acc end 00008adc length    16 section .text
start 00000216 end 00000245 length    47 section .info.

(C:\Program Files (x86)\COSMIC\FSE_Compilers\CXSTM8\lib\libm0.sm8)lreg.o:
start 00000000 end 00000004 length     4 section .ubsct
start 00000245 end 00000273 length    46 section .info.

(C:\Program Files (x86)\COSMIC\FSE_Compilers\CXSTM8\lib\libm0.sm8)ltor.o:
start 00008adc end 00008aee length    18 section .text
start 00000273 end 000002a1 length    46 section .info.

(C:\Program Files (x86)\COSMIC\FSE_Compilers\CXSTM8\lib\libm0.sm8)ludiv.o:
start 00008aee end 00008b02 length    20 section .text
start 000002a1 end 000002d0 length    47 section .info.

(C:\Program Files (x86)\COSMIC\FSE_Compilers\CXSTM8\lib\libm0.sm8)ldiv.o:
start 00008b02 end 00008bed length   235 section .text
start 000002d0 end 000002fe length    46 section .info.

(C:\Program Files (x86)\COSMIC\FSE_Compilers\CXSTM8\lib\libm0.sm8)lgneg.o:
start 00008bed end 00008c00 length    19 section .text
start 000002fe end 0000032d length    47 section .info.

(C:\Program Files (x86)\COSMIC\FSE_Compilers\CXSTM8\lib\libm0.sm8)lneg.o:
start 00008c00 end 00008c15 length    21 section .text
start 0000032d end 0000035b length    46 section .info.

(C:\Program Files (x86)\COSMIC\FSE_Compilers\CXSTM8\lib\libm0.sm8)rtol.o:
start 00008c15 end 00008c27 length    18 section .text
start 0000035b end 00000389 length    46 section .info.

(C:\Program Files (x86)\COSMIC\FSE_Compilers\CXSTM8\lib\libm0.sm8)umul.o:
start 00008c27 end 00008c63 length    60 section .text
start 00000389 end 000003b7 length    46 section .info.

(C:\Program Files (x86)\COSMIC\FSE_Compilers\CXSTM8\lib\libm0.sm8)xreg.o:
start 00000004 end 00000007 length     3 section .ubsct
start 000003b7 end 000003e5 length    46 section .info.

(C:\Program Files (x86)\COSMIC\FSE_Compilers\CXSTM8\lib\libm0.sm8)yreg.o:
start 00000007 end 0000000a length     3 section .ubsct
start 000003e5 end 00000413 length    46 section .info.

Debug\stm8_interrupt_vector.o:
start 00008c63 end 00008c64 length     1 section .text
start 000045e0 end 0000474b length   363 section .debug
start 00000413 end 0000048d length   122 section .info.
start 00008000 end 00008080 length   128 section .const


                             -----------
                             Stack usage
                             -----------

Debug\main.o:
L11_delay_ms                        11   (8)
L3_CLK_Config                        6   (2)
L5_GPIO_Config                       8   (2)
L7_TIM2_Config                      10   (2)
_main                           >   16   (5)

Debug\stm8_interrupt_vector.o:
f_NonHandledInterrupt           >    6   (6)

Debug\stm8s_clk.o:
_CLK_AdjustHSICalibrationValue  >    3   (3)
_CLK_CCOCmd                     >    2   (2)
_CLK_CCOConfig                  >    3   (3)
_CLK_ClearITPendingBit          >    2   (2)
_CLK_ClockSecuritySystemEnable  >    2   (2)
_CLK_ClockSwitchCmd             >    2   (2)
_CLK_ClockSwitchConfig          >   10   (10)
_CLK_DeInit                          2   (2)
_CLK_FastHaltWakeUpCmd          >    2   (2)
_CLK_GetClockFreq               >   25   (11)
_CLK_GetFlagStatus              >    7   (7)
_CLK_GetITStatus                >    4   (4)
_CLK_GetSYSCLKSource            >    2   (2)
_CLK_HSECmd                     >    2   (2)
_CLK_HSICmd                     >    2   (2)
_CLK_HSIPrescalerConfig              3   (3)
_CLK_ITConfig                   >    4   (4)
_CLK_LSICmd                     >    2   (2)
_CLK_PeripheralClockConfig           4   (4)
_CLK_SWIMConfig                 >    2   (2)
_CLK_SYSCLKConfig               >    3   (3)
_CLK_SYSCLKEmergencyClear       >    2   (2)
_CLK_SlowActiveHaltWakeUpCmd    >    2   (2)

Debug\stm8s_gpio.o:
_GPIO_DeInit                    >    2   (2)
_GPIO_ExternalPullUpConfig      >    6   (6)
_GPIO_Init                           6   (6)
_GPIO_ReadInputData             >    2   (2)
_GPIO_ReadInputPin              >    5   (5)
_GPIO_ReadOutputData            >    2   (2)
_GPIO_Write                     >    5   (5)
_GPIO_WriteHigh                 >    5   (5)
_GPIO_WriteLow                  >    5   (5)
_GPIO_WriteReverse              >    5   (5)

Debug\stm8s_tim2.o:
L3_TI1_Config                        6   (6)
L5_TI2_Config                        6   (6)
L7_TI3_Config                        6   (6)
_TIM2_ARRPreloadConfig          >    2   (2)
_TIM2_CCxCmd                    >    4   (4)
_TIM2_ClearFlag                 >    2   (2)
_TIM2_ClearITPendingBit         >    2   (2)
_TIM2_Cmd                            2   (2)
_TIM2_DeInit                    >    2   (2)
_TIM2_ForcedOC1Config           >    3   (3)
_TIM2_ForcedOC2Config           >    3   (3)
_TIM2_ForcedOC3Config           >    3   (3)
_TIM2_GenerateEvent             >    2   (2)
_TIM2_GetCapture1               >    6   (6)
_TIM2_GetCapture2               >    6   (6)
_TIM2_GetCapture3               >    6   (6)
_TIM2_GetCounter                >    4   (4)
_TIM2_GetFlagStatus             >    6   (6)
_TIM2_GetITStatus               >    5   (5)
_TIM2_GetPrescaler              >    2   (2)
_TIM2_ICInit                    >   13   (7)
_TIM2_ITConfig                  >    4   (4)
_TIM2_OC1Init                        8   (8)
_TIM2_OC1PolarityConfig         >    2   (2)
_TIM2_OC1PreloadConfig               2   (2)
_TIM2_OC2Init                   >    8   (8)
_TIM2_OC2PolarityConfig         >    2   (2)
_TIM2_OC2PreloadConfig          >    2   (2)
_TIM2_OC3Init                   >    8   (8)
_TIM2_OC3PolarityConfig         >    2   (2)
_TIM2_OC3PreloadConfig          >    2   (2)
_TIM2_PWMIConfig                >   15   (9)
_TIM2_PrescalerConfig           >    2   (2)
_TIM2_SelectOCxM                >    4   (4)
_TIM2_SelectOnePulseMode        >    2   (2)
_TIM2_SetAutoreload             >    2   (2)
_TIM2_SetCompare1                    2   (2)
_TIM2_SetCompare2               >    2   (2)
_TIM2_SetCompare3               >    2   (2)
_TIM2_SetCounter                >    2   (2)
_TIM2_SetIC1Prescaler                3   (3)
_TIM2_SetIC2Prescaler                3   (3)
_TIM2_SetIC3Prescaler                3   (3)
_TIM2_TimeBaseInit                   5   (5)
_TIM2_UpdateDisableConfig       >    2   (2)
_TIM2_UpdateRequestConfig       >    2   (2)

Stack size: 31


                              ---------
                              Call tree
                              ---------
   1 > _CLK_AdjustHSICalibrationValue: (3)

   2 > _CLK_CCOCmd: (2)

   3 > _CLK_CCOConfig: (3)

   4 > _CLK_ClearITPendingBit: (2)

   5 > _CLK_ClockSecuritySystemEnable: (2)

   6 > _CLK_ClockSwitchCmd: (2)

   7 > _CLK_ClockSwitchConfig: (10)

   8 > _CLK_FastHaltWakeUpCmd: (2)

   9 > _CLK_GetClockFreq: (11)

  10 > _CLK_GetFlagStatus: (7)

  11 > _CLK_GetITStatus: (4)

  12 > _CLK_GetSYSCLKSource: (2)

  13 > _CLK_HSECmd: (2)

  14 > _CLK_HSICmd: (2)

  15 > _CLK_ITConfig: (4)

  16 > _CLK_LSICmd: (2)

  17 > _CLK_SWIMConfig: (2)

  18 > _CLK_SYSCLKConfig: (3)

  19 > _CLK_SYSCLKEmergencyClear: (2)

  20 > _CLK_SlowActiveHaltWakeUpCmd: (2)

  21 > _GPIO_DeInit: (2)

  22 > _GPIO_ExternalPullUpConfig: (6)

  23 > _GPIO_ReadInputData: (2)

  24 > _GPIO_ReadInputPin: (5)

  25 > _GPIO_ReadOutputData: (2)

  26 > _GPIO_Write: (5)

  27 > _GPIO_WriteHigh: (5)

  28 > _GPIO_WriteLow: (5)

  29 > _GPIO_WriteReverse: (5)

  30 > _TIM2_ARRPreloadConfig: (2)

  31 > _TIM2_CCxCmd: (4)

  32 > _TIM2_ClearFlag: (2)

  33 > _TIM2_ClearITPendingBit: (2)

  34 > _TIM2_DeInit: (2)

  35 > _TIM2_ForcedOC1Config: (3)

  36 > _TIM2_ForcedOC2Config: (3)

  37 > _TIM2_ForcedOC3Config: (3)

  38 > _TIM2_GenerateEvent: (2)

  39 > _TIM2_GetCapture1: (6)

  40 > _TIM2_GetCapture2: (6)

  41 > _TIM2_GetCapture3: (6)

  42 > _TIM2_GetCounter: (4)

  43 > _TIM2_GetFlagStatus: (6)

  44 > _TIM2_GetITStatus: (5)

  45 > _TIM2_GetPrescaler: (2)

  46 > _TIM2_ICInit: (7)
  47      + L3_TI1_Config: (6)
  48      + L5_TI2_Config: (6)
  49      + L7_TI3_Config: (6)
  50      + _TIM2_SetIC1Prescaler: (3)
  51      + _TIM2_SetIC2Prescaler: (3)
  52      + _TIM2_SetIC3Prescaler: (3)
       
  53 > _TIM2_ITConfig: (4)

  54 > _TIM2_OC1PolarityConfig: (2)

  55 > _TIM2_OC2Init: (8)

  56 > _TIM2_OC2PolarityConfig: (2)

  57 > _TIM2_OC2PreloadConfig: (2)

  58 > _TIM2_OC3Init: (8)

  59 > _TIM2_OC3PolarityConfig: (2)

  60 > _TIM2_OC3PreloadConfig: (2)

  61 > _TIM2_PWMIConfig: (9)
  62      + L3_TI1_Config --> 47
  63      + L5_TI2_Config --> 48
  64      + _TIM2_SetIC1Prescaler --> 50
  65      + _TIM2_SetIC2Prescaler --> 51
       
  66 > _TIM2_PrescalerConfig: (2)

  67 > _TIM2_SelectOCxM: (4)

  68 > _TIM2_SelectOnePulseMode: (2)

  69 > _TIM2_SetAutoreload: (2)

  70 > _TIM2_SetCompare2: (2)

  71 > _TIM2_SetCompare3: (2)

  72 > _TIM2_SetCounter: (2)

  73 > _TIM2_UpdateDisableConfig: (2)

  74 > _TIM2_UpdateRequestConfig: (2)

  75 > __stext: (0)

  76 > _main: (5)
  77      + L11_delay_ms: (8)
  78      + L3_CLK_Config: (2)
  79      |    + _CLK_DeInit: (2)
  80      |    + _CLK_HSIPrescalerConfig: (3)
  81      |    + _CLK_PeripheralClockConfig: (4)
          | 
  82      + L5_GPIO_Config: (2)
  83      |    + _GPIO_Init: (6)
          | 
  84      + L7_TIM2_Config: (2)
  85      |    + _TIM2_Cmd: (2)
  86      |    + _TIM2_OC1Init: (8)
  87      |    + _TIM2_OC1PreloadConfig: (2)
  88      |    + _TIM2_TimeBaseInit: (5)
          | 
  89      + _TIM2_SetCompare1: (2)
       
  90 > f_NonHandledInterrupt: (6)

  91   L11_delay_ms --> 77

  92   L3_CLK_Config --> 78

  93   L3_TI1_Config --> 47

  94   L5_GPIO_Config --> 82

  95   L5_TI2_Config --> 48

  96   L7_TI3_Config --> 49

  97   L7_TIM2_Config --> 84

  98   _CLK_DeInit --> 79

  99   _CLK_HSIPrescalerConfig --> 80

 100   _CLK_PeripheralClockConfig --> 81

 101   _GPIO_Init --> 83

 102   _TIM2_Cmd --> 85

 103   _TIM2_OC1Init --> 86

 104   _TIM2_OC1PreloadConfig --> 87

 105   _TIM2_SetCompare1 --> 89

 106   _TIM2_SetIC1Prescaler --> 50

 107   _TIM2_SetIC2Prescaler --> 51

 108   _TIM2_SetIC3Prescaler --> 52

 109   _TIM2_TimeBaseInit --> 88



                               -------
                               Symbols
                               -------

_CLKPrescTable                   00008084   defined in Debug\stm8s_clk.o section .const
_CLK_AdjustHSICalibrationValue   000083b9   defined in Debug\stm8s_clk.o section .text
_CLK_CCOCmd                      0000814f   defined in Debug\stm8s_clk.o section .text
_CLK_CCOConfig                   000082b2   defined in Debug\stm8s_clk.o section .text
_CLK_ClearITPendingBit           00008454   defined in Debug\stm8s_clk.o section .text
_CLK_ClockSecuritySystemEnable   0000833c   defined in Debug\stm8s_clk.o section .text
_CLK_ClockSwitchCmd              0000815d   defined in Debug\stm8s_clk.o section .text
_CLK_ClockSwitchConfig           000081e5   defined in Debug\stm8s_clk.o section .text
_CLK_DeInit                      000080df   defined in Debug\stm8s_clk.o section .text
                                            used in Debug\main.o
_CLK_FastHaltWakeUpCmd           00008117   defined in Debug\stm8s_clk.o section .text
_CLK_GetClockFreq                00008345   defined in Debug\stm8s_clk.o section .text
_CLK_GetFlagStatus               000083cb   defined in Debug\stm8s_clk.o section .text
_CLK_GetITStatus                 00008428   defined in Debug\stm8s_clk.o section .text
_CLK_GetSYSCLKSource             00008341   defined in Debug\stm8s_clk.o section .text
_CLK_HSECmd                      00008125   defined in Debug\stm8s_clk.o section .text
_CLK_HSICmd                      00008133   defined in Debug\stm8s_clk.o section .text
_CLK_HSIPrescalerConfig          0000829f   defined in Debug\stm8s_clk.o section .text
                                            used in Debug\main.o
_CLK_ITConfig                    000082c9   defined in Debug\stm8s_clk.o section .text
_CLK_LSICmd                      00008141   defined in Debug\stm8s_clk.o section .text
_CLK_PeripheralClockConfig       00008179   defined in Debug\stm8s_clk.o section .text
                                            used in Debug\main.o
_CLK_SWIMConfig                  0000832e   defined in Debug\stm8s_clk.o section .text
_CLK_SYSCLKConfig                00008301   defined in Debug\stm8s_clk.o section .text
_CLK_SYSCLKEmergencyClear        000083c6   defined in Debug\stm8s_clk.o section .text
_CLK_SlowActiveHaltWakeUpCmd     0000816b   defined in Debug\stm8s_clk.o section .text
_GPIO_DeInit                     00008463   defined in Debug\stm8s_gpio.o section .text
_GPIO_ExternalPullUpConfig       000084fd   defined in Debug\stm8s_gpio.o section .text
_GPIO_Init                       0000846b   defined in Debug\stm8s_gpio.o section .text
                                            used in Debug\main.o
_GPIO_ReadInputData              000084f3   defined in Debug\stm8s_gpio.o section .text
_GPIO_ReadInputPin               000084f6   defined in Debug\stm8s_gpio.o section .text
_GPIO_ReadOutputData             000084f1   defined in Debug\stm8s_gpio.o section .text
_GPIO_Write                      000084d3   defined in Debug\stm8s_gpio.o section .text
_GPIO_WriteHigh                  000084db   defined in Debug\stm8s_gpio.o section .text
_GPIO_WriteLow                   000084e2   defined in Debug\stm8s_gpio.o section .text
_GPIO_WriteReverse               000084ea   defined in Debug\stm8s_gpio.o section .text
_HSIDivFactor                    00008080   defined in Debug\stm8s_clk.o section .const
_TIM2_ARRPreloadConfig           0000874c   defined in Debug\stm8s_tim2.o section .text
_TIM2_CCxCmd                     000087b2   defined in Debug\stm8s_tim2.o section .text
_TIM2_ClearFlag                  0000892d   defined in Debug\stm8s_tim2.o section .text
_TIM2_ClearITPendingBit          0000895a   defined in Debug\stm8s_tim2.o section .text
_TIM2_Cmd                        000086cb   defined in Debug\stm8s_tim2.o section .text
                                            used in Debug\main.o
_TIM2_DeInit                     00008515   defined in Debug\stm8s_tim2.o section .text
_TIM2_ForcedOC1Config            00008725   defined in Debug\stm8s_tim2.o section .text
_TIM2_ForcedOC2Config            00008732   defined in Debug\stm8s_tim2.o section .text
_TIM2_ForcedOC3Config            0000873f   defined in Debug\stm8s_tim2.o section .text
_TIM2_GenerateEvent              00008784   defined in Debug\stm8s_tim2.o section .text
_TIM2_GetCapture1                0000887c   defined in Debug\stm8s_tim2.o section .text
_TIM2_GetCapture2                000088a2   defined in Debug\stm8s_tim2.o section .text
_TIM2_GetCapture3                000088c8   defined in Debug\stm8s_tim2.o section .text
_TIM2_GetCounter                 000088ee   defined in Debug\stm8s_tim2.o section .text
_TIM2_GetFlagStatus              0000890b   defined in Debug\stm8s_tim2.o section .text
_TIM2_GetITStatus                00008937   defined in Debug\stm8s_tim2.o section .text
_TIM2_GetPrescaler               00008907   defined in Debug\stm8s_tim2.o section .text
_TIM2_ICInit                     00008614   defined in Debug\stm8s_tim2.o section .text
_TIM2_ITConfig                   000086d9   defined in Debug\stm8s_tim2.o section .text
_TIM2_OC1Init                    0000857e   defined in Debug\stm8s_tim2.o section .text
                                            used in Debug\main.o
_TIM2_OC1PolarityConfig          00008788   defined in Debug\stm8s_tim2.o section .text
_TIM2_OC1PreloadConfig           0000875a   defined in Debug\stm8s_tim2.o section .text
                                            used in Debug\main.o
_TIM2_OC2Init                    000085b0   defined in Debug\stm8s_tim2.o section .text
_TIM2_OC2PolarityConfig          00008796   defined in Debug\stm8s_tim2.o section .text
_TIM2_OC2PreloadConfig           00008768   defined in Debug\stm8s_tim2.o section .text
_TIM2_OC3Init                    000085e2   defined in Debug\stm8s_tim2.o section .text
_TIM2_OC3PolarityConfig          000087a4   defined in Debug\stm8s_tim2.o section .text
_TIM2_OC3PreloadConfig           00008776   defined in Debug\stm8s_tim2.o section .text
_TIM2_PWMIConfig                 0000865b   defined in Debug\stm8s_tim2.o section .text
_TIM2_PrescalerConfig            0000871c   defined in Debug\stm8s_tim2.o section .text
_TIM2_SelectOCxM                 000087ed   defined in Debug\stm8s_tim2.o section .text
_TIM2_SelectOnePulseMode         0000870e   defined in Debug\stm8s_tim2.o section .text
_TIM2_SetAutoreload              00008831   defined in Debug\stm8s_tim2.o section .text
_TIM2_SetCompare1                0000883a   defined in Debug\stm8s_tim2.o section .text
                                            used in Debug\main.o
_TIM2_SetCompare2                00008843   defined in Debug\stm8s_tim2.o section .text
_TIM2_SetCompare3                0000884c   defined in Debug\stm8s_tim2.o section .text
_TIM2_SetCounter                 00008828   defined in Debug\stm8s_tim2.o section .text
_TIM2_SetIC1Prescaler            00008855   defined in Debug\stm8s_tim2.o section .text
_TIM2_SetIC2Prescaler            00008862   defined in Debug\stm8s_tim2.o section .text
_TIM2_SetIC3Prescaler            0000886f   defined in Debug\stm8s_tim2.o section .text
_TIM2_TimeBaseInit               0000856e   defined in Debug\stm8s_tim2.o section .text
                                            used in Debug\main.o
_TIM2_UpdateDisableConfig        000086f2   defined in Debug\stm8s_tim2.o section .text
_TIM2_UpdateRequestConfig        00008700   defined in Debug\stm8s_tim2.o section .text
__endmem                         000005ff   defined in command file
                                            *** not used ***
__endzp                          0000000a   defined in command file section .ubsct
                                            used in C:\Program Files (x86)\COSMIC\FSE_Compilers\CXSTM8\lib\crtsi0.sm8
__idesc__                        0000808c   defined in linker section .init
                                            used in C:\Program Files (x86)\COSMIC\FSE_Compilers\CXSTM8\lib\crtsi0.sm8
__memory                         00000100   defined in command file section .bss
                                            used in C:\Program Files (x86)\COSMIC\FSE_Compilers\CXSTM8\lib\crtsi0.sm8
__stack                          000007ff   defined in command file
                                            used in C:\Program Files (x86)\COSMIC\FSE_Compilers\CXSTM8\lib\crtsi0.sm8
__startmem                       00000100   defined in command file section .bss
                                            *** not used ***
__stext                          0000808f   defined in C:\Program Files (x86)\COSMIC\FSE_Compilers\CXSTM8\lib\crtsi0.sm8 section .text
                                            used in Debug\stm8_interrupt_vector.o
__vectab                         00008000   defined in Debug\stm8_interrupt_vector.o section .const
_exit                            000080dd   defined in C:\Program Files (x86)\COSMIC\FSE_Compilers\CXSTM8\lib\crtsi0.sm8 section .text
_main                            000089ef   defined in Debug\main.o section .text
                                            used in C:\Program Files (x86)\COSMIC\FSE_Compilers\CXSTM8\lib\crtsi0.sm8
c_divsl                          00008b02   defined in (C:\Program Files (x86)\COSMIC\FSE_Compilers\CXSTM8\lib\libm0.sm8)ldiv.o section .text
                                            *** not used ***
c_divul                          00008b19   defined in (C:\Program Files (x86)\COSMIC\FSE_Compilers\CXSTM8\lib\libm0.sm8)ldiv.o section .text
                                            used in (C:\Program Files (x86)\COSMIC\FSE_Compilers\CXSTM8\lib\libm0.sm8)ludiv.o
c_lcmp                           00008aac   defined in (C:\Program Files (x86)\COSMIC\FSE_Compilers\CXSTM8\lib\libm0.sm8)lcmp.o section .text
                                            used in Debug\main.o
c_lgadc                          00008acc   defined in (C:\Program Files (x86)\COSMIC\FSE_Compilers\CXSTM8\lib\libm0.sm8)lgadc.o section .text
                                            used in Debug\main.o
c_lgneg                          00008bed   defined in (C:\Program Files (x86)\COSMIC\FSE_Compilers\CXSTM8\lib\libm0.sm8)lgneg.o section .text
                                            used in (C:\Program Files (x86)\COSMIC\FSE_Compilers\CXSTM8\lib\libm0.sm8)ldiv.o
c_lneg                           00008c00   defined in (C:\Program Files (x86)\COSMIC\FSE_Compilers\CXSTM8\lib\libm0.sm8)lneg.o section .text
                                            used in (C:\Program Files (x86)\COSMIC\FSE_Compilers\CXSTM8\lib\libm0.sm8)ldiv.o
c_lreg                           00000000   defined in (C:\Program Files (x86)\COSMIC\FSE_Compilers\CXSTM8\lib\libm0.sm8)lreg.o section .ubsct
                                            used in Debug\stm8s_clk.o
                                                    (C:\Program Files (x86)\COSMIC\FSE_Compilers\CXSTM8\lib\libm0.sm8)lcmp.o
                                                    (C:\Program Files (x86)\COSMIC\FSE_Compilers\CXSTM8\lib\libm0.sm8)ltor.o
                                                    (C:\Program Files (x86)\COSMIC\FSE_Compilers\CXSTM8\lib\libm0.sm8)ldiv.o
                                                    (C:\Program Files (x86)\COSMIC\FSE_Compilers\CXSTM8\lib\libm0.sm8)lneg.o
                                                    (C:\Program Files (x86)\COSMIC\FSE_Compilers\CXSTM8\lib\libm0.sm8)rtol.o
                                                    (C:\Program Files (x86)\COSMIC\FSE_Compilers\CXSTM8\lib\libm0.sm8)umul.o
c_ltor                           00008adc   defined in (C:\Program Files (x86)\COSMIC\FSE_Compilers\CXSTM8\lib\libm0.sm8)ltor.o section .text
                                            used in Debug\stm8s_clk.o
c_ludv                           00008aee   defined in (C:\Program Files (x86)\COSMIC\FSE_Compilers\CXSTM8\lib\libm0.sm8)ludiv.o section .text
                                            used in Debug\stm8s_clk.o
c_rtol                           00008c15   defined in (C:\Program Files (x86)\COSMIC\FSE_Compilers\CXSTM8\lib\libm0.sm8)rtol.o section .text
                                            used in Debug\stm8s_clk.o
c_umul                           00008c27   defined in (C:\Program Files (x86)\COSMIC\FSE_Compilers\CXSTM8\lib\libm0.sm8)umul.o section .text
                                            used in Debug\main.o
c_x                              00000004   defined in (C:\Program Files (x86)\COSMIC\FSE_Compilers\CXSTM8\lib\libm0.sm8)xreg.o section .ubsct
                                            used in C:\Program Files (x86)\COSMIC\FSE_Compilers\CXSTM8\lib\crtsi0.sm8
                                                    (C:\Program Files (x86)\COSMIC\FSE_Compilers\CXSTM8\lib\libm0.sm8)ldiv.o
                                                    (C:\Program Files (x86)\COSMIC\FSE_Compilers\CXSTM8\lib\libm0.sm8)umul.o
c_y                              00000007   defined in (C:\Program Files (x86)\COSMIC\FSE_Compilers\CXSTM8\lib\libm0.sm8)yreg.o section .ubsct
                                            used in C:\Program Files (x86)\COSMIC\FSE_Compilers\CXSTM8\lib\crtsi0.sm8
                                                    (C:\Program Files (x86)\COSMIC\FSE_Compilers\CXSTM8\lib\libm0.sm8)umul.o
f_NonHandledInterrupt            00008c63   defined in Debug\stm8_interrupt_vector.o section .text
